not found in 'runtimepath': "ftdetect/*.vim"
==== global_variables 
---- It "Check global variables" 
.

==== named_key_mappings 
---- It "Check the existence of the named key mappings in each mode" 
..........

==== select_a 
---- It "<Plug>(textobj-syntax-a)" 
.......

==== select_i 
---- It "<Plug>(textobj-syntax-i)" 
.......



**** Result ****


25 examples, 0 failures
